Aula di youtube https://www.youtube.com/watch?v=kB5e-gTAl_s

--- Inicializar o git
	git init

--- saber quais arquivos não estão no controle de versão que estão na pasta
	git status	

"Untracked files:
  (use "git add <file>..." to include in what will be committed)
        arquivo de teste.txt"

--- adicionar arquivos ao controle de versão
	git add "nome do arquivo"

--- para adicionar todos os arquivo que estão dentro da pasta
	git add .

--- criar a primeira versão do código no GitHub
	git commit -m "Commit inicial"

--- configurar a conexão com o GitHub
	git config --global user.email "Achilles.guilardi@gmail.com"
	git config --global user.name "Achilles Guilardi"

--- enviando os arquivos para nuvem, aqui eu preciso do link de onde será mandando o arquivo, notar que ele está pedindo o "name" e a "url":
	$ git push
	fatal: No configured push destination.
	Either specify the URL from the command-line or configure a remote repository using

    		git remote add <name> <url>

	and then push using the remote name

    		git push <name>

--- Definindo O REPOSITÓRIO para onde o código será enviado
	git remote add origin https://github.com/AchillesGuilardi/pos_graduacao

--- Faça conexão com o github
	git push --set-upstream origin master

--- Preparando o arquivo para subir na nuvem
	git add .

--- Enviando as alterações
	git status (para saber quais arquivos sofreram alterações)
	git add . (manda preparar o arquivo para subir)
	git commit -m "Descrição do que foi feito" (para comentar a alteração)
	git push (para subir)

--- verificar o histórico das alterações
	git reflog

*** Navegando entre versões novas e antiga do código
No caso desse arquivo eu tenho todas essas atualizações:

	Achilles Guilardi@DESKTOP-MJCK93P MINGW64 ~/Desktop/POS PUC/MODULOS/Projetos GIT (master)
	$ git reflog
	cac8054 (HEAD -> master, origin/master) HEAD@{0}: commit: Colocando o link da aula no arquivo txt
	77039d0 HEAD@{1}: commit: Sexta alteracao
	b112185 HEAD@{2}: commit: Quinta alteracao
	2ace00f HEAD@{3}: commit: Quarta alteracao
	a1d9f4e HEAD@{4}: commit: Coloquei mais instruções de como usar o github
	a376806 HEAD@{5}: commit (initial): Commit Inicial

Para voltar para qualquer versão (LOCALMENTE, NÃO É NO GITHUB) usar o comando abaixo. VC O ARQUIVO DEVE ESTAR FECHADO PARA A ALTERAÇÃO ACONTECER
	git reset --hard (id)
